ARM Linker, 5.03 [Build 76] [MDK-ARM Lite]

==============================================================================

Section Cross References

    board.o(.text) refers to hal_lld.o(.text) for stm32_clock_init
    cstartup.o(MSTACK) refers (Special) to heapauxi.o(.text) for __use_two_region_memory
    cstartup.o(CSTACK) refers (Special) to heapauxi.o(.text) for __use_two_region_memory
    cstartup.o(HEAP) refers (Special) to heapauxi.o(.text) for __use_two_region_memory
    cstartup.o(.text) refers (Special) to heapauxi.o(.text) for __use_two_region_memory
    cstartup.o(.text) refers to board.o(.text) for __early_init
    cstartup.o(.text) refers to cstartup.o(CSTACK) for __initial_sp
    cstartup.o(.text) refers to __main.o(!!!main) for __main
    cstartup.o(.text) refers to cstartup.o(HEAP) for Heap_Mem
    chcoreasm_v7m.o(.text) refers to chthreads.o(.text) for chThdExit
    chcoreasm_v7m.o(.text) refers to chschd.o(.text) for chSchDoReschedule
    chcore_v7m.o(.text) refers to chsys.o(.text) for chSysTimerHandlerI
    chcore_v7m.o(.text) refers to nvic.o(.text) for nvicSetSystemHandlerPriority
    chcore_v7m.o(.text) refers to chschd.o(.bss) for rlist
    chcore_v7m.o(.text) refers to chcoreasm_v7m.o(.text) for _port_switch_from_isr
    vectors.o(RESET) refers to cstartup.o(MSTACK) for __initial_msp
    vectors.o(RESET) refers to cstartup.o(.text) for Reset_Handler
    vectors.o(RESET) refers to vectors.o(.text) for NMIVector
    vectors.o(RESET) refers to chcore_v7m.o(.text) for SVCallVector
    vectors.o(RESET) refers to stm32_dma.o(.text) for Vector6C
    vectors.o(RESET) refers to adc_lld.o(.text) for Vector88
    vectors.o(RESET) refers to pwm_lld.o(.text) for VectorB8
    vectors.o(RESET) refers to serial_lld.o(.text) for VectorD4
    chcond.o(.text) refers to chschd.o(.text) for chSchWakeupS
    chcond.o(.text) refers to chmtx.o(.text) for chMtxUnlockS
    chcond.o(.text) refers to chschd.o(.bss) for rlist
    chdynamic.o(.text) refers to chmempools.o(.text) for chPoolFree
    chdynamic.o(.text) refers to chheap.o(.text) for chHeapFree
    chdynamic.o(.text) refers to chthreads.o(.text) for chThdCreateI
    chdynamic.o(.text) refers to chschd.o(.text) for chSchWakeupS
    chevents.o(.text) refers to chschd.o(.text) for chSchReadyI
    chevents.o(.text) refers to chschd.o(.bss) for rlist
    chheap.o(.text) refers to chmtx.o(.text) for chMtxInit
    chheap.o(.text) refers to chmemcore.o(.text) for chCoreAlloc
    chheap.o(.text) refers to chheap.o(.bss) for .bss
    chmboxes.o(.text) refers to chsem.o(.text) for chSemInit
    chmboxes.o(.text) refers to chschd.o(.text) for chSchRescheduleS
    chmemcore.o(.text) refers to chmemcore.o(.data) for .data
    chmsg.o(.text) refers to chschd.o(.text) for chSchReadyI
    chmsg.o(.text) refers to chschd.o(.bss) for rlist
    chmtx.o(.text) refers to chschd.o(.text) for chSchReadyI
    chmtx.o(.text) refers to chschd.o(.bss) for rlist
    chqueues.o(.text) refers to chschd.o(.text) for chSchReadyI
    chqueues.o(.text) refers to chschd.o(.bss) for rlist
    chregistry.o(.text) refers to chdynamic.o(.text) for chThdRelease
    chregistry.o(.text) refers to chschd.o(.bss) for rlist
    chschd.o(.text) refers to chcoreasm_v7m.o(.text) for _port_switch
    chschd.o(.text) refers to chvt.o(.text) for chVTSetI
    chschd.o(.text) refers to chschd.o(.bss) for .bss
    chsem.o(.text) refers to chschd.o(.text) for chSchReadyI
    chsem.o(.text) refers to chschd.o(.bss) for rlist
    chsys.o(.text) refers to chcore_v7m.o(.text) for _port_init
    chsys.o(.text) refers to chschd.o(.text) for _scheduler_init
    chsys.o(.text) refers to chvt.o(.text) for _vt_init
    chsys.o(.text) refers to chmemcore.o(.text) for _core_init
    chsys.o(.text) refers to chheap.o(.text) for _heap_init
    chsys.o(.text) refers to chthreads.o(.text) for _thread_init
    chsys.o(.text) refers to chschd.o(.bss) for rlist
    chsys.o(.text) refers to chsys.o(.bss) for .bss
    chsys.o(.text) refers to chregistry.o(.constdata) for ch_debug
    chsys.o(.text) refers to chvt.o(.bss) for vtlist
    chthreads.o(.text) refers to chschd.o(.text) for chSchWakeupS
    chthreads.o(.text) refers to chdynamic.o(.text) for chThdRelease
    chthreads.o(.text) refers to chschd.o(.bss) for rlist
    chthreads.o(.text) refers to chcoreasm_v7m.o(.text) for _port_thread_start
    chthreads.o(.text) refers to chvt.o(.bss) for vtlist
    chvt.o(.text) refers to chvt.o(.bss) for .bss
    adc.o(.text) refers to adc_lld.o(.text) for adc_lld_init
    adc.o(.text) refers to chmtx.o(.text) for chMtxInit
    adc.o(.text) refers to chschd.o(.text) for chSchWakeupS
    adc.o(.text) refers to chschd.o(.bss) for rlist
    hal.o(.text) refers to hal_lld.o(.text) for hal_lld_init
    hal.o(.text) refers to tm.o(.text) for tmInit
    hal.o(.text) refers to pal_lld.o(.text) for _pal_lld_init
    hal.o(.text) refers to adc.o(.text) for adcInit
    hal.o(.text) refers to pwm.o(.text) for pwmInit
[...]
    thread2H                                 0x080054a9   Thumb Code    34  testmtx.o(.text)
    mtx2_execute                             0x080054cb   Thumb Code   130  testmtx.o(.text)
    mtx3_setup                               0x0800554d   Thumb Code    18  testmtx.o(.text)
    thread3LL                                0x0800555f   Thumb Code    28  testmtx.o(.text)
    thread3L                                 0x0800557b   Thumb Code    56  testmtx.o(.text)
    thread3M                                 0x080055b3   Thumb Code    34  testmtx.o(.text)
    thread3H                                 0x080055d5   Thumb Code    24  testmtx.o(.text)
    thread3HH                                0x080055ed   Thumb Code    34  testmtx.o(.text)
    mtx3_execute                             0x0800560f   Thumb Code   168  testmtx.o(.text)
    mtx4_setup                               0x080056b7   Thumb Code    18  testmtx.o(.text)
    thread4a                                 0x080056c9   Thumb Code    22  testmtx.o(.text)
    thread4b                                 0x080056df   Thumb Code    22  testmtx.o(.text)
    mtx4_execute                             0x080056f5   Thumb Code   684  testmtx.o(.text)
    mtx5_setup                               0x080059a1   Thumb Code     6  testmtx.o(.text)
    mtx5_execute                             0x080059a7   Thumb Code   188  testmtx.o(.text)
    mtx6_setup                               0x08005a63   Thumb Code    18  testmtx.o(.text)
    thread10                                 0x08005a75   Thumb Code    30  testmtx.o(.text)
    mtx6_execute                             0x08005a93   Thumb Code   186  testmtx.o(.text)
    mtx7_setup                               0x08005b4d   Thumb Code    18  testmtx.o(.text)
    mtx7_execute                             0x08005b5f   Thumb Code   146  testmtx.o(.text)
    mtx8_setup                               0x08005bf1   Thumb Code    24  testmtx.o(.text)
    thread11                                 0x08005c09   Thumb Code    44  testmtx.o(.text)
    thread12                                 0x08005c35   Thumb Code    24  testmtx.o(.text)
    mtx8_execute                             0x08005c4d   Thumb Code   152  testmtx.o(.text)
    .text                                    0x08005cec   Section        0  testpools.o(.text)
    null_provider                            0x08005ced   Thumb Code     4  testpools.o(.text)
    pools1_setup                             0x08005cf1   Thumb Code    12  testpools.o(.text)
    pools1_execute                           0x08005cfd   Thumb Code   186  testpools.o(.text)
    .text                                    0x08005dc4   Section        0  testqueues.o(.text)
    notify                                   0x08005dc5   Thumb Code     2  testqueues.o(.text)
    queues1_setup                            0x08005dc7   Thumb Code    22  testqueues.o(.text)
    thread1                                  0x08005ddd   Thumb Code    14  testqueues.o(.text)
    queues1_execute                          0x08005deb   Thumb Code   580  testqueues.o(.text)
    queues2_setup                            0x0800602f   Thumb Code    22  testqueues.o(.text)
    thread2                                  0x08006045   Thumb Code    16  testqueues.o(.text)
    queues2_execute                          0x08006055   Thumb Code   560  testqueues.o(.text)
    .text                                    0x08006288   Section        0  testsem.o(.text)
    sem1_setup                               0x08006289   Thumb Code     8  testsem.o(.text)
    thread1                                  0x08006291   Thumb Code    20  testsem.o(.text)
    sem1_execute                             0x080062a5   Thumb Code   250  testsem.o(.text)
    sem2_setup                               0x0800639f   Thumb Code     8  testsem.o(.text)
    thread2                                  0x080063a7   Thumb Code    32  testsem.o(.text)
    sem2_execute                             0x080063c7   Thumb Code   320  testsem.o(.text)
    sem3_setup                               0x08006507   Thumb Code     8  testsem.o(.text)
    thread3                                  0x0800650f   Thumb Code    18  testsem.o(.text)
    sem3_execute                             0x08006521   Thumb Code   136  testsem.o(.text)
    thread4                                  0x080065a9   Thumb Code    30  testsem.o(.text)
    sem4_execute                             0x080065c7   Thumb Code   314  testsem.o(.text)
    .text                                    0x08006700   Section        0  testthd.o(.text)
    thread                                   0x08006701   Thumb Code    12  testthd.o(.text)
    thd1_execute                             0x0800670d   Thumb Code   144  testthd.o(.text)
    thd2_execute                             0x0800679d   Thumb Code   160  testthd.o(.text)
    thd3_execute                             0x0800683d   Thumb Code   352  testthd.o(.text)
    thd4_execute                             0x0800699d   Thumb Code   114  testthd.o(.text)
    .text                                    0x08006a40   Section        0  main.o(.text)
    pwmpcb                                   0x08006a41   Thumb Code    28  main.o(.text)
    adccb                                    0x08006a5d   Thumb Code   126  main.o(.text)
    spicb                                    0x08006adb   Thumb Code    20  main.o(.text)
    Thread1                                  0x08006aef   Thumb Code    26  main.o(.text)
    .text                                    0x08006c34   Section        0  heapauxi.o(.text)
    .text                                    0x08006c3a   Section        0  exit.o(.text)
    .text                                    0x08006c48   Section        0  sys_exit.o(.text)
    .text                                    0x08006c54   Section        2  use_no_semi.o(.text)
    .text                                    0x08006c56   Section        0  indicate_semi.o(.text)
    .constdata                               0x08006c58   Section      168  board.o(.constdata)
    .constdata                               0x08006d00   Section       22  chregistry.o(.constdata)
    .constdata                               0x08006d18   Section       32  serial.o(.constdata)
    vmt                                      0x08006d18   Data          32  serial.o(.constdata)
    .constdata                               0x08006d38   Section       12  serial_lld.o(.constdata)
    default_config                           0x08006d38   Data          12  serial_lld.o(.constdata)
    .constdata                               0x08006d44   Section       84  stm32_dma.o(.constdata)
    .constdata                               0x08006d98   Section       20  test.o(.constdata)
    .constdata                               0x08006dac   Section       16  testbmk.o(.constdata)
    .constdata                               0x08006dbc   Section       16  testbmk.o(.constdata)
    .constdata                               0x08006dcc   Section       16  testbmk.o(.constdata)
    .constdata                               0x08006ddc   Section       16  testbmk.o(.constdata)
    .constdata                               0x08006dec   Section       16  testbmk.o(.constdata)
    .constdata                               0x08006dfc   Section       16  testbmk.o(.constdata)
    .constdata                               0x08006e0c   Section       16  testbmk.o(.constdata)
    .constdata                               0x08006e1c   Section       16  testbmk.o(.constdata)
    .constdata                               0x08006e2c   Section       16  testbmk.o(.constdata)
    .constdata                               0x08006e3c   Section       16  testbmk.o(.constdata)
    .constdata                               0x08006e4c   Section       16  testbmk.o(.constdata)
    .constdata                               0x08006e5c   Section       16  testbmk.o(.constdata)
    .constdata                               0x08006e6c   Section       16  testbmk.o(.constdata)
    .constdata                               0x08006e7c   Section       56  testbmk.o(.constdata)
    .constdata                               0x08006eb4   Section       16  testdyn.o(.constdata)
    .constdata                               0x08006ec4   Section       16  testdyn.o(.constdata)
    .constdata                               0x08006ed4   Section       16  testdyn.o(.constdata)
    .constdata                               0x08006ee4   Section       16  testdyn.o(.constdata)
    .constdata                               0x08006ef4   Section       12  testevt.o(.constdata)
    evhndl                                   0x08006ef4   Data          12  testevt.o(.constdata)
    .constdata                               0x08006f00   Section       16  testevt.o(.constdata)
    .constdata                               0x08006f10   Section       16  testevt.o(.constdata)
    .constdata                               0x08006f20   Section       16  testevt.o(.constdata)
    .constdata                               0x08006f30   Section       16  testevt.o(.constdata)
    .constdata                               0x08006f40   Section       16  testheap.o(.constdata)
    .constdata                               0x08006f50   Section        8  testheap.o(.constdata)
    .constdata                               0x08006f58   Section       16  testmbox.o(.constdata)
    .constdata                               0x08006f68   Section        8  testmbox.o(.constdata)
    .constdata                               0x08006f70   Section       16  testmsg.o(.constdata)
    .constdata                               0x08006f80   Section        8  testmsg.o(.constdata)
    .constdata                               0x08006f88   Section       16  testmtx.o(.constdata)
    .constdata                               0x08006f98   Section       16  testmtx.o(.constdata)
    .constdata                               0x08006fa8   Section       16  testmtx.o(.constdata)
    .constdata                               0x08006fb8   Section       16  testmtx.o(.constdata)
    .constdata                               0x08006fc8   Section       16  testmtx.o(.constdata)
    .constdata                               0x08006fd8   Section       16  testmtx.o(.constdata)
    .constdata                               0x08006fe8   Section       16  testmtx.o(.constdata)
    .constdata                               0x08006ff8   Section       16  testmtx.o(.constdata)
    .constdata                               0x08007008   Section       36  testmtx.o(.constdata)
    .constdata                               0x0800702c   Section       16  testpools.o(.constdata)
    .constdata                               0x0800703c   Section        8  testpools.o(.constdata)
    .constdata                               0x08007044   Section       16  testqueues.o(.constdata)
    .constdata                               0x08007054   Section       16  testqueues.o(.constdata)
    .constdata                               0x08007064   Section       12  testqueues.o(.constdata)
    .constdata                               0x08007070   Section       16  testsem.o(.constdata)
    .constdata                               0x08007080   Section       16  testsem.o(.constdata)
    .constdata                               0x08007090   Section       16  testsem.o(.constdata)
    .constdata                               0x080070a0   Section       16  testsem.o(.constdata)
    .constdata                               0x080070b0   Section       20  testsem.o(.constdata)
    .constdata                               0x080070c4   Section       16  testthd.o(.constdata)
    .constdata                               0x080070d4   Section       16  testthd.o(.constdata)
    .constdata                               0x080070e4   Section       16  testthd.o(.constdata)
    .constdata                               0x080070f4   Section       16  testthd.o(.constdata)
    .constdata                               0x08007104   Section       20  testthd.o(.constdata)
    .constdata                               0x08007118   Section       64  main.o(.constdata)
    adcgrpcfg                                0x08007118   Data          52  main.o(.constdata)
    spicfg                                   0x0800714c   Data          12  main.o(.constdata)
    .conststring                             0x08007158   Section       23  testbmk.o(.conststring)
    .conststring                             0x0800716f   Section       23  testbmk.o(.conststring)
    .conststring                             0x08007186   Section       23  testbmk.o(.conststring)
    .conststring                             0x0800719d   Section       26  testbmk.o(.conststring)
    .conststring                             0x080071b7   Section       31  testbmk.o(.conststring)
    .conststring                             0x080071d6   Section       32  testbmk.o(.conststring)
    .conststring                             0x080071f6   Section       38  testbmk.o(.conststring)
    .conststring                             0x0800721c   Section       41  testbmk.o(.conststring)
    .conststring                             0x08007245   Section       33  testbmk.o(.conststring)
    .conststring                             0x08007266   Section       36  testbmk.o(.conststring)
    .conststring                             0x0800728a   Section       34  testbmk.o(.conststring)
    .conststring                             0x080072ac   Section       31  testbmk.o(.conststring)
    .conststring                             0x080072cb   Section       25  testbmk.o(.conststring)
    .conststring                             0x080072e4   Section       41  testdyn.o(.conststring)
    .conststring                             0x0800730d   Section       48  testdyn.o(.conststring)
    .conststring                             0x0800733d   Section       38  testdyn.o(.conststring)
    .conststring                             0x08007363   Section       34  testevt.o(.conststring)
    .conststring                             0x08007385   Section       27  testevt.o(.conststring)
    .conststring                             0x080073a0   Section       17  testevt.o(.conststring)
    .conststring                             0x080073b1   Section       40  testheap.o(.conststring)
    .conststring                             0x080073d9   Section       32  testmbox.o(.conststring)
    .conststring                             0x080073f9   Section       15  testmsg.o(.conststring)
    .conststring                             0x08007408   Section       33  testmtx.o(.conststring)
    .conststring                             0x08007429   Section       43  testmtx.o(.conststring)
    .conststring                             0x08007454   Section       44  testmtx.o(.conststring)
    .conststring                             0x08007480   Section       25  testmtx.o(.conststring)
    .conststring                             0x08007499   Section       16  testmtx.o(.conststring)
    .conststring                             0x080074a9   Section       21  testmtx.o(.conststring)
    .conststring                             0x080074be   Section       24  testmtx.o(.conststring)
    .conststring                             0x080074d6   Section       20  testmtx.o(.conststring)
    .conststring                             0x080074ea   Section       28  testpools.o(.conststring)
    .conststring                             0x08007506   Section       21  testqueues.o(.conststring)
    .conststring                             0x0800751b   Section       22  testqueues.o(.conststring)
    .conststring                             0x08007531   Section       22  testsem.o(.conststring)
    .conststring                             0x08007547   Section       20  testsem.o(.conststring)
    .conststring                             0x0800755b   Section       31  testsem.o(.conststring)
    .conststring                             0x0800757a   Section       33  testsem.o(.conststring)
    .conststring                             0x0800759b   Section       27  testthd.o(.conststring)
    .conststring                             0x080075b6   Section       27  testthd.o(.conststring)
    .conststring                             0x080075d1   Section       25  testthd.o(.conststring)
    .conststring                             0x080075ea   Section       16  testthd.o(.conststring)
    .data                                    0x20000000   Section        8  chmemcore.o(.data)
    nextmem                                  0x20000000   Data           4  chmemcore.o(.data)
    endmem                                   0x20000004   Data           4  chmemcore.o(.data)
    .data                                    0x20000008   Section        4  tm.o(.data)
    measurement_offset                       0x20000008   Data           4  tm.o(.data)
    .data                                    0x2000000c   Section        4  spi_lld.o(.data)
    dummytx                                  0x2000000c   Data           2  spi_lld.o(.data)
    dummyrx                                  0x2000000e   Data           2  spi_lld.o(.data)
    .data                                    0x20000010   Section        4  stm32_dma.o(.data)
    dma_streams_mask                         0x20000010   Data           4  stm32_dma.o(.data)
    .data                                    0x20000014   Section       64  test.o(.data)
    local_fail                               0x20000014   Data           1  test.o(.data)
    global_fail                              0x20000015   Data           1  test.o(.data)
    failpoint                                0x20000018   Data           4  test.o(.data)
    tokp                                     0x2000001c   Data           4  test.o(.data)
    chp                                      0x20000020   Data           4  test.o(.data)
    patterns                                 0x20000024   Data          48  test.o(.data)
    .data                                    0x20000054   Section        8  testevt.o(.data)
    es1                                      0x20000054   Data           4  testevt.o(.data)
    es2                                      0x20000058   Data           4  testevt.o(.data)
    .data                                    0x2000005c   Section       40  testmbox.o(.data)
    mb1                                      0x2000005c   Data          40  testmbox.o(.data)
    .data                                    0x20000084   Section       40  testmtx.o(.data)
    c1                                       0x20000084   Data           8  testmtx.o(.data)
    m1                                       0x2000008c   Data          16  testmtx.o(.data)
    m2                                       0x2000009c   Data          16  testmtx.o(.data)
    .data                                    0x200000ac   Section       12  testpools.o(.data)
    mp1                                      0x200000ac   Data          12  testpools.o(.data)
    .data                                    0x200000b8   Section       72  testqueues.o(.data)
    iq                                       0x200000b8   Data          36  testqueues.o(.data)
    oq                                       0x200000dc   Data          36  testqueues.o(.data)
    .data                                    0x20000100   Section       12  testsem.o(.data)
    sem1                                     0x20000100   Data          12  testsem.o(.data)
    .data                                    0x2000010c   Section       56  main.o(.data)
    seconds_counter                          0x2000010c   Data           4  main.o(.data)
    pwmcfg                                   0x20000110   Data          52  main.o(.data)
    .bss                                     0x20000148   Section       32  chheap.o(.bss)
    default_heap                             0x20000148   Data          32  chheap.o(.bss)
    .bss                                     0x20000168   Section       28  chschd.o(.bss)
    .bss                                     0x20000188   Section      264  chsys.o(.bss)
    mainthread                               0x20000188   Data          72  chsys.o(.bss)
    .bss                                     0x20000290   Section       16  chvt.o(.bss)
    .bss                                     0x200002a0   Section       20  pwm_lld.o(.bss)
    .bss                                     0x200002b4   Section      120  serial_lld.o(.bss)
    .bss                                     0x2000032c   Section       48  spi_lld.o(.bss)
    .bss                                     0x2000035c   Section       56  stm32_dma.o(.bss)
    dma_isr_redir                            0x2000035c   Data          56  stm32_dma.o(.bss)
    .bss                                     0x20000394   Section       52  adc_lld.o(.bss)
    .bss                                     0x200003c8   Section       56  test.o(.bss)
    tokens_buffer                            0x200003c8   Data          16  test.o(.bss)
    vt                                       0x200003ec   Data          20  test.o(.bss)
    .bss                                     0x20000400   Section     1520  test.o(.bss)
    .bss                                     0x200009f0   Section      120  testbmk.o(.bss)
    ib                                       0x200009f0   Data          16  testbmk.o(.bss)
    iq                                       0x20000a00   Data          36  testbmk.o(.bss)
    vt1                                      0x20000a24   Data          20  testbmk.o(.bss)
    vt2                                      0x20000a38   Data          20  testbmk.o(.bss)
    sem1                                     0x20000a4c   Data          12  testbmk.o(.bss)
    mtx1                                     0x20000a58   Data          16  testbmk.o(.bss)
    .bss                                     0x20000a68   Section       44  testdyn.o(.bss)
    heap1                                    0x20000a68   Data          32  testdyn.o(.bss)
    mp1                                      0x20000a88   Data          12  testdyn.o(.bss)
    .bss                                     0x20000a98   Section       32  testheap.o(.bss)
    test_heap                                0x20000a98   Data          32  testheap.o(.bss)
    .bss                                     0x20000ab8   Section      320  main.o(.bss)
    samples                                  0x20000ab8   Data          16  main.o(.bss)
    waThread1                                0x20000ac8   Data         304  main.o(.bss)
    CSTACK                                   0x20000bf8   Section     1024  cstartup.o(CSTACK)
    proc_stack_mem                           0x20000bf8   Data        1024  cstartup.o(CSTACK)
    HEAP                                     0x20000ff8   Section     1024  cstartup.o(HEAP)
    Heap_Mem                                 0x20000ff8   Data        1024  cstartup.o(HEAP)
    MSTACK                                   0x200013f8   Section     1024  cstartup.o(MSTACK)

    Global Symbols

    Symbol Name                              Value     Ov Type        Size  Object(Section)

    BuildAttributes$$THM_ISAv4$P$D$K$B$S$PE$A:L22UL41UL21$X:L11$S22US41US21$IEEE1$IW$USESV6$~STKCKD$USESV7$~SHL$OTIME$ROPI$EBA8$UX$STANDARDLIB$REQ8$PRES8$EABIv2 0x00000000   Number         0  anon$$obj.o ABSOLUTE
    __ARM_use_no_argv                        0x00000000   Number         0  main.o ABSOLUTE
    __ARM_exceptions_init                     - Undefined Weak Reference
    __alloca_initialize                       - Undefined Weak Reference
    __cpp_initialize__aeabi_                  - Undefined Weak Reference
    __cxa_finalize                            - Undefined Weak Reference
    __rt_locale                               - Undefined Weak Reference
    __sigvec_lookup                           - Undefined Weak Reference
    _atexit_init                              - Undefined Weak Reference
    _call_atexit_fns                          - Undefined Weak Reference
    _clock_init                               - Undefined Weak Reference
    _fp_trap_init                             - Undefined Weak Reference
    _fp_trap_shutdown                         - Undefined Weak Reference
    _get_lc_collate                           - Undefined Weak Reference
    _get_lc_ctype                             - Undefined Weak Reference
    _get_lc_monetary                          - Undefined Weak Reference
    _get_lc_numeric                           - Undefined Weak Reference
    _get_lc_time                              - Undefined Weak Reference
    _getenv_init                              - Undefined Weak Reference
    _handle_redirection                       - Undefined Weak Reference
    _init_alloc                               - Undefined Weak Reference
    _init_user_alloc                          - Undefined Weak Reference
    _initio                                   - Undefined Weak Reference
    _rand_init                                - Undefined Weak Reference
    _signal_finish                            - Undefined Weak Reference
    _signal_init                              - Undefined Weak Reference
    _terminate_alloc                          - Undefined Weak Reference
    _terminate_user_alloc                     - Undefined Weak Reference
    _terminateio                              - Undefined Weak Reference
    __Vectors                                0x08000000   Data           0  vectors.o(RESET)
    __main                                   0x080000f5   Thumb Code     8  __main.o(!!!main)
    __scatterload                            0x080000fd   Thumb Code     0  __scatter.o(!!!scatter)
    __scatterload_rt2                        0x080000fd   Thumb Code    44  __scatter.o(!!!scatter)
    __scatterload_rt2_thumb_only             0x080000fd   Thumb Code     0  __scatter.o(!!!scatter)
    __scatterload_null                       0x0800010b   Thumb Code     0  __scatter.o(!!!scatter)
    __decompress                             0x08000131   Thumb Code    90  __dczerorl2.o(!!dczerorl2)
    __decompress1                            0x08000131   Thumb Code     0  __dczerorl2.o(!!dczerorl2)
    __scatterload_zeroinit                   0x0800018d   Thumb Code    28  __scatter_zi.o(!!handler_zi)
    __rt_lib_init                            0x080001a9   Thumb Code     0  libinit.o(.ARM.Collect$$libinit$$00000000)
    __rt_lib_init_alloca_1                   0x080001ab   Thumb Code     0  libinit2.o(.ARM.Collect$$libinit$$0000002C)
    __rt_lib_init_argv_1                     0x080001ab   Thumb Code     0  libinit2.o(.ARM.Collect$$libinit$$0000002A)
    __rt_lib_init_atexit_1                   0x080001ab   Thumb Code     0  libinit2.o(.ARM.Collect$$libinit$$00000019)
    __rt_lib_init_clock_1                    0x080001ab   Thumb Code     0  libinit2.o(.ARM.Collect$$libinit$$0000001F)
    __rt_lib_init_cpp_1                      0x080001ab   Thumb Code     0  libinit2.o(.ARM.Collect$$libinit$$00000030)
    __rt_lib_init_exceptions_1               0x080001ab   Thumb Code     0  libinit2.o(.ARM.Collect$$libinit$$0000002E)
    __rt_lib_init_fp_1                       0x080001ab   Thumb Code     0  libinit2.o(.ARM.Collect$$libinit$$00000002)
    __rt_lib_init_fp_trap_1                  0x080001ab   Thumb Code     0  libinit2.o(.ARM.Collect$$libinit$$0000001D)
    __rt_lib_init_getenv_1                   0x080001ab   Thumb Code     0  libinit2.o(.ARM.Collect$$libinit$$00000021)
    __rt_lib_init_heap_1                     0x080001ab   Thumb Code     0  libinit2.o(.ARM.Collect$$libinit$$00000008)
    __rt_lib_init_lc_collate_1               0x080001ab   Thumb Code     0  libinit2.o(.ARM.Collect$$libinit$$0000000F)
    __rt_lib_init_lc_ctype_1                 0x080001ab   Thumb Code     0  libinit2.o(.ARM.Collect$$libinit$$00000011)
    __rt_lib_init_lc_monetary_1              0x080001ab   Thumb Code     0  libinit2.o(.ARM.Collect$$libinit$$00000013)
    __rt_lib_init_lc_numeric_1               0x080001ab   Thumb Code     0  libinit2.o(.ARM.Collect$$libinit$$00000015)
    __rt_lib_init_lc_time_1                  0x080001ab   Thumb Code     0  libinit2.o(.ARM.Collect$$libinit$$00000017)
    __rt_lib_init_rand_1                     0x080001ab   Thumb Code     0  libinit2.o(.ARM.Collect$$libinit$$0000000C)
    __rt_lib_init_return                     0x080001ab   Thumb Code     0  libinit2.o(.ARM.Collect$$libinit$$00000031)
    __rt_lib_init_signal_1                   0x080001ab   Thumb Code     0  libinit2.o(.ARM.Collect$$libinit$$0000001B)
    __rt_lib_init_stdio_1                    0x080001ab   Thumb Code     0  libinit2.o(.ARM.Collect$$libinit$$00000023)
    __rt_lib_init_user_alloc_1               0x080001ab   Thumb Code     0  libinit2.o(.ARM.Collect$$libinit$$0000000A)
    __rt_lib_shutdown                        0x080001ad   Thumb Code     0  libshutdown.o(.ARM.Collect$$libshutdown$$00000000)
    __rt_lib_shutdown_fp_trap_1              0x080001af   Thumb Code     0  libshutdown2.o(.ARM.Collect$$libshutdown$$00000006)
    __rt_lib_shutdown_heap_1                 0x080001af   Thumb Code     0  libshutdown2.o(.ARM.Collect$$libshutdown$$0000000E)
    __rt_lib_shutdown_return                 0x080001af   Thumb Code     0  libshutdown2.o(.ARM.Collect$$libshutdown$$0000000F)
    __rt_lib_shutdown_signal_1               0x080001af   Thumb Code     0  libshutdown2.o(.ARM.Collect$$libshutdown$$00000009)
    __rt_lib_shutdown_stdio_1                0x080001af   Thumb Code     0  libshutdown2.o(.ARM.Collect$$libshutdown$$00000003)
    __rt_lib_shutdown_user_alloc_1           0x080001af   Thumb Code     0  libshutdown2.o(.ARM.Collect$$libshutdown$$0000000B)
    __rt_entry                               0x080001b1   Thumb Code     0  rtentry.o(.ARM.Collect$$rtentry$$00000000)
    __rt_entry_presh_1                       0x080001b1   Thumb Code     0  rtentry2.o(.ARM.Collect$$rtentry$$00000002)
    __rt_entry_sh                            0x080001b1   Thumb Code     0  rtentry5.o(.ARM.Collect$$rtentry$$00000005)
    __rt_entry_li                            0x080001b5   Thumb Code     0  rtentry2.o(.ARM.Collect$$rtentry$$0000000A)
    __rt_entry_postsh_1                      0x080001b5   Thumb Code     0  rtentry2.o(.ARM.Collect$$rtentry$$00000009)
    __rt_entry_main                          0x080001b9   Thumb Code     0  rtentry2.o(.ARM.Collect$$rtentry$$0000000D)
    __rt_entry_postli_1                      0x080001b9   Thumb Code     0  rtentry2.o(.ARM.Collect$$rtentry$$0000000C)
    __rt_exit                                0x080001c5   Thumb Code     0  rtexit.o(.ARM.Collect$$rtexit$$00000000)
    __rt_exit_ls                             0x080001c7   Thumb Code     0  rtexit2.o(.ARM.Collect$$rtexit$$00000003)
    __rt_exit_prels_1                        0x080001c7   Thumb Code     0  rtexit2.o(.ARM.Collect$$rtexit$$00000002)
    __rt_exit_exit                           0x080001cb   Thumb Code     0  rtexit2.o(.ARM.Collect$$rtexit$$00000004)
    __early_init                             0x080001d1   Thumb Code     4  board.o(.text)
    boardInit                                0x080001d5   Thumb Code     2  board.o(.text)
    Reset_Handler                            0x080001d9   Thumb Code    26  cstartup.o(.text)
    __user_initial_stackheap                 0x080001f5   Thumb Code     0  cstartup.o(.text)
    _port_switch                             0x08000219   Thumb Code    16  chcoreasm_v7m.o(.text)
    _port_thread_start                       0x08000229   Thumb Code    14  chcoreasm_v7m.o(.text)
    _port_switch_from_isr                    0x08000237   Thumb Code     6  chcoreasm_v7m.o(.text)
    _port_exit_from_isr                      0x0800023b   Thumb Code     0  chcoreasm_v7m.o(.text)
    port_halt                                0x0800023d   Thumb Code     4  chcore.o(.text)
    _port_irq_epilogue                       0x08000241   Thumb Code    74  chcore_v7m.o(.text)
    SysTickVector                            0x0800028b   Thumb Code    88  chcore_v7m.o(.text)
    SVCallVector                             0x080002e3   Thumb Code    18  chcore_v7m.o(.text)
    _port_init                               0x080002f5   Thumb Code    44  chcore_v7m.o(.text)
    BusFaultVector                           0x08000339   Thumb Code     0  vectors.o(.text)
    DebugMonitorVector                       0x08000339   Thumb Code     0  vectors.o(.text)
    HardFaultVector                          0x08000339   Thumb Code     0  vectors.o(.text)
    MemManageVector                          0x08000339   Thumb Code     0  vectors.o(.text)
    NMIVector                                0x08000339   Thumb Code     0  vectors.o(.text)
    PendSVVector                             0x08000339   Thumb Code     0  vectors.o(.text)
    UsageFaultVector                         0x08000339   Thumb Code     0  vectors.o(.text)
    Vector1C                                 0x08000339   Thumb Code     0  vectors.o(.text)
    Vector20                                 0x08000339   Thumb Code     0  vectors.o(.text)
    Vector24                                 0x08000339   Thumb Code     0  vectors.o(.text)
    Vector28                                 0x08000339   Thumb Code     0  vectors.o(.text)
    Vector34                                 0x08000339   Thumb Code     0  vectors.o(.text)
    Vector40                                 0x08000339   Thumb Code     0  vectors.o(.text)
    Vector44                                 0x08000339   Thumb Code     0  vectors.o(.text)
    Vector48                                 0x08000339   Thumb Code     0  vectors.o(.text)
    Vector4C                                 0x08000339   Thumb Code     0  vectors.o(.text)
    Vector50                                 0x08000339   Thumb Code     0  vectors.o(.text)
    Vector54                                 0x08000339   Thumb Code     0  vectors.o(.text)
    Vector58                                 0x08000339   Thumb Code     0  vectors.o(.text)
    Vector5C                                 0x08000339   Thumb Code     0  vectors.o(.text)
    Vector60                                 0x08000339   Thumb Code     0  vectors.o(.text)
    Vector64                                 0x08000339   Thumb Code     0  vectors.o(.text)
    Vector68                                 0x08000339   Thumb Code     0  vectors.o(.text)
    Vector8C                                 0x08000339   Thumb Code     0  vectors.o(.text)
    Vector90                                 0x08000339   Thumb Code     0  vectors.o(.text)
    Vector94                                 0x08000339   Thumb Code     0  vectors.o(.text)
    Vector98                                 0x08000339   Thumb Code     0  vectors.o(.text)
    Vector9C                                 0x08000339   Thumb Code     0  vectors.o(.text)
    VectorA0                                 0x08000339   Thumb Code     0  vectors.o(.text)
    VectorA4                                 0x08000339   Thumb Code     0  vectors.o(.text)
    VectorA8                                 0x08000339   Thumb Code     0  vectors.o(.text)
    VectorAC                                 0x08000339   Thumb Code     0  vectors.o(.text)
    VectorB0                                 0x08000339   Thumb Code     0  vectors.o(.text)
    VectorB4                                 0x08000339   Thumb Code     0  vectors.o(.text)
    VectorBC                                 0x08000339   Thumb Code     0  vectors.o(.text)
    VectorC0                                 0x08000339   Thumb Code     0  vectors.o(.text)
    VectorC4                                 0x08000339   Thumb Code     0  vectors.o(.text)
    VectorC8                                 0x08000339   Thumb Code     0  vectors.o(.text)
    VectorCC                                 0x08000339   Thumb Code     0  vectors.o(.text)
    VectorD0                                 0x08000339   Thumb Code     0  vectors.o(.text)
    VectorD8                                 0x08000339   Thumb Code     0  vectors.o(.text)
    VectorDC                                 0x08000339   Thumb Code     0  vectors.o(.text)
    VectorE0                                 0x08000339   Thumb Code     0  vectors.o(.text)
    VectorE4                                 0x08000339   Thumb Code     0  vectors.o(.text)
    VectorE8                                 0x08000339   Thumb Code     0  vectors.o(.text)
    VectorEC                                 0x08000339   Thumb Code     0  vectors.o(.text)
    VectorF0                                 0x08000339   Thumb Code     0  vectors.o(.text)
    _unhandled_exception                     0x08000339   Thumb Code     2  vectors.o(.text)
    nvicEnableVector                         0x0800033d   Thumb Code    64  nvic.o(.text)
    nvicDisableVector                        0x0800037d   Thumb Code    52  nvic.o(.text)
    nvicSetSystemHandlerPriority             0x080003b1   Thumb Code    34  nvic.o(.text)
    chCondInit                               0x080003dd   Thumb Code     6  chcond.o(.text)
    chCondSignal                             0x080003e3   Thumb Code    36  chcond.o(.text)
    chCondSignalI                            0x08000407   Thumb Code    28  chcond.o(.text)
    chCondBroadcastI                         0x08000423   Thumb Code    38  chcond.o(.text)
    chCondBroadcast                          0x08000449   Thumb Code    54  chcond.o(.text)
    chCondWaitS                              0x0800047f   Thumb Code    66  chcond.o(.text)
    chCondWait                               0x080004c1   Thumb Code    76  chcond.o(.text)
    chCondWaitTimeoutS                       0x0800050d   Thumb Code    74  chcond.o(.text)
    chCondWaitTimeout                        0x08000557   Thumb Code    86  chcond.o(.text)
    chThdAddRef                              0x080005b1   Thumb Code    20  chdynamic.o(.text)
    chThdRelease                             0x080005c5   Thumb Code    86  chdynamic.o(.text)
    chThdCreateFromHeap                      0x0800061b   Thumb Code    62  chdynamic.o(.text)
    chThdCreateFromMemoryPool                0x08000659   Thumb Code    64  chdynamic.o(.text)
    chEvtRegisterMask                        0x08000699   Thumb Code    30  chevents.o(.text)
    chEvtUnregister                          0x080006b7   Thumb Code    42  chevents.o(.text)
    chEvtGetAndClearEvents                   0x080006e1   Thumb Code    32  chevents.o(.text)
    chEvtAddEvents                           0x08000701   Thumb Code    24  chevents.o(.text)
    chEvtSignalI                             0x08000719   Thumb Code    50  chevents.o(.text)
    chEvtBroadcastFlagsI                     0x0800074b   Thumb Code    78  chevents.o(.text)
    chEvtGetAndClearFlags                    0x08000799   Thumb Code    20  chevents.o(.text)
    chEvtSignal                              0x080007ad   Thumb Code    60  chevents.o(.text)
    chEvtBroadcastFlags                      0x080007e9   Thumb Code    90  chevents.o(.text)
    chEvtGetAndClearFlagsI                   0x08000843   Thumb Code    10  chevents.o(.text)
    chEvtDispatch                            0x0800084d   Thumb Code    48  chevents.o(.text)
    chEvtWaitOne                             0x0800087d   Thumb Code    50  chevents.o(.text)
    chEvtWaitAny                             0x080008af   Thumb Code    46  chevents.o(.text)
    chEvtWaitAll                             0x080008dd   Thumb Code    46  chevents.o(.text)
    chEvtWaitOneTimeout                      0x0800090b   Thumb Code    68  chevents.o(.text)
    chEvtWaitAnyTimeout                      0x0800094f   Thumb Code    64  chevents.o(.text)
    chEvtWaitAllTimeout                      0x0800098f   Thumb Code    62  chevents.o(.text)
    _heap_init                               0x080009d1   Thumb Code    18  chheap.o(.text)
    chHeapInit                               0x080009e3   Thumb Code    20  chheap.o(.text)
    chHeapAlloc                              0x080009f7   Thumb Code   128  chheap.o(.text)
    chHeapFree                               0x08000a77   Thumb Code   106  chheap.o(.text)
    chHeapStatus                             0x08000ae1   Thumb Code    54  chheap.o(.text)
    chMBInit                                 0x08000b21   Thumb Code    40  chmboxes.o(.text)
    chMBReset                                0x08000b49   Thumb Code    52  chmboxes.o(.text)
    chMBPostS                                0x08000b7d   Thumb Code    54  chmboxes.o(.text)
    chMBPost                                 0x08000bb3   Thumb Code    66  chmboxes.o(.text)
    chMBPostI                                0x08000bf5   Thumb Code    48  chmboxes.o(.text)
    chMBPostAheadS                           0x08000c25   Thumb Code    54  chmboxes.o(.text)
    chMBPostAhead                            0x08000c5b   Thumb Code    66  chmboxes.o(.text)
    chMBPostAheadI                           0x08000c9d   Thumb Code    48  chmboxes.o(.text)
    chMBFetchS                               0x08000ccd   Thumb Code    56  chmboxes.o(.text)
    chMBFetch                                0x08000d05   Thumb Code    68  chmboxes.o(.text)
    chMBFetchI                               0x08000d49   Thumb Code    50  chmboxes.o(.text)
    _core_init                               0x08000d7d   Thumb Code    20  chmemcore.o(.text)
    chCoreAllocI                             0x08000d91   Thumb Code    26  chmemcore.o(.text)
    chCoreAlloc                              0x08000dab   Thumb Code    40  chmemcore.o(.text)
    chCoreStatus                             0x08000dd3   Thumb Code    10  chmemcore.o(.text)
    chPoolInit                               0x08000de9   Thumb Code    10  chmempools.o(.text)
    chPoolFreeI                              0x08000df3   Thumb Code     8  chmempools.o(.text)
    chPoolFree                               0x08000dfb   Thumb Code    20  chmempools.o(.text)
    chPoolLoadArray                          0x08000e0f   Thumb Code    40  chmempools.o(.text)
    chPoolAllocI                             0x08000e37   Thumb Code    28  chmempools.o(.text)
    chPoolAlloc                              0x08000e53   Thumb Code    40  chmempools.o(.text)
    chMsgSend                                0x08000e7d   Thumb Code    58  chmsg.o(.text)
    chMsgWait                                0x08000eb7   Thumb Code    50  chmsg.o(.text)
    chMsgRelease                             0x08000ee9   Thumb Code    20  chmsg.o(.text)
    chMtxInit                                0x08000f01   Thumb Code    10  chmtx.o(.text)
    chMtxLockS                               0x08000f0b   Thumb Code   210  chmtx.o(.text)
    chMtxLock                                0x08000fdd   Thumb Code    20  chmtx.o(.text)
    chMtxTryLockS                            0x08000ff1   Thumb Code    30  chmtx.o(.text)
    chMtxTryLock                             0x0800100f   Thumb Code    42  chmtx.o(.text)
    chMtxUnlock                              0x08001039   Thumb Code    86  chmtx.o(.text)
    chMtxUnlockS                             0x0800108f   Thumb Code    74  chmtx.o(.text)
    chMtxUnlockAll                           0x080010d9   Thumb Code    72  chmtx.o(.text)
    chIQInit                                 0x08001125   Thumb Code    32  chqueues.o(.text)
    chIQResetI                               0x08001145   Thumb Code    46  chqueues.o(.text)
    chIQPutI                                 0x08001173   Thumb Code    70  chqueues.o(.text)
    chIQGetTimeout                           0x080011b9   Thumb Code   108  chqueues.o(.text)
    chIQReadTimeout                          0x08001225   Thumb Code   148  chqueues.o(.text)
    chOQInit                                 0x080012b9   Thumb Code    26  chqueues.o(.text)
    chOQResetI                               0x080012d3   Thumb Code    48  chqueues.o(.text)
    chOQPutTimeout                           0x08001303   Thumb Code   124  chqueues.o(.text)
    chOQGetI                                 0x0800137f   Thumb Code    68  chqueues.o(.text)
    chOQWriteTimeout                         0x080013c3   Thumb Code   146  chqueues.o(.text)
    chRegFirstThread                         0x08001459   Thumb Code    24  chregistry.o(.text)
    chRegNextThread                          0x08001471   Thumb Code    40  chregistry.o(.text)
    _scheduler_init                          0x0800149d   Thumb Code    16  chschd.o(.text)
    chSchReadyI                              0x080014ad   Thumb Code    30  chschd.o(.text)
    chSchGoSleepS                            0x080014cb   Thumb Code    36  chschd.o(.text)
    chSchGoSleepTimeoutS                     0x0800154f   Thumb Code   100  chschd.o(.text)
    chSchWakeupS                             0x080015b3   Thumb Code    94  chschd.o(.text)
    chSchDoRescheduleAhead                   0x08001611   Thumb Code    62  chschd.o(.text)
    chSchRescheduleS                         0x0800164f   Thumb Code    74  chschd.o(.text)
    chSchDoRescheduleBehind                  0x08001699   Thumb Code    66  chschd.o(.text)
    chSchDoReschedule                        0x080016db   Thumb Code   130  chschd.o(.text)
    chSemInit                                0x08001765   Thumb Code     8  chsem.o(.text)
    chSemResetI                              0x0800176d   Thumb Code    42  chsem.o(.text)
    chSemReset                               0x08001797   Thumb Code    58  chsem.o(.text)
    chSemWaitS                               0x080017d1   Thumb Code    46  chsem.o(.text)
    chSemWait                                0x080017ff   Thumb Code    58  chsem.o(.text)
    chSemWaitTimeoutS                        0x08001839   Thumb Code    50  chsem.o(.text)
    chSemWaitTimeout                         0x0800186b   Thumb Code    66  chsem.o(.text)
    chSemSignal                              0x080018ad   Thumb Code    44  chsem.o(.text)
    chSemSignalI                             0x080018d9   Thumb Code    32  chsem.o(.text)
    chSemAddCounterI                         0x080018f9   Thumb Code    46  chsem.o(.text)
    chSemSignalWait                          0x08001927   Thumb Code    88  chsem.o(.text)
    _idle_thread                             0x08001985   Thumb Code    10  chsys.o(.text)
    chSysInit                                0x0800198f   Thumb Code    68  chsys.o(.text)
    chSysTimerHandlerI                       0x080019d3   Thumb Code    88  chsys.o(.text)
    _thread_init                             0x08001a49   Thumb Code    56  chthreads.o(.text)
    chThdCreateI                             0x08001a81   Thumb Code    80  chthreads.o(.text)
    chThdCreateStatic                        0x08001ad1   Thumb Code   102  chthreads.o(.text)
    chThdSetPriority                         0x08001b37   Thumb Code    44  chthreads.o(.text)
    chThdResume                              0x08001b63   Thumb Code    26  chthreads.o(.text)
    chThdTerminate                           0x08001b7d   Thumb Code    22  chthreads.o(.text)
    chThdSleep                               0x08001b93   Thumb Code    24  chthreads.o(.text)
    chThdSleepUntil                          0x08001bab   Thumb Code    30  chthreads.o(.text)
    chThdYield                               0x08001bc9   Thumb Code    34  chthreads.o(.text)
    chThdExitS                               0x08001beb   Thumb Code    64  chthreads.o(.text)
    chThdExit                                0x08001c2b   Thumb Code    70  chthreads.o(.text)
    chThdWait                                0x08001c71   Thumb Code    50  chthreads.o(.text)
    _vt_init                                 0x08001cb1   Thumb Code    18  chvt.o(.text)
    chVTSetI                                 0x08001cc3   Thumb Code    56  chvt.o(.text)
    chVTResetI                               0x08001cfb   Thumb Code    34  chvt.o(.text)
    adcInit                                  0x08001d21   Thumb Code     4  adc.o(.text)
    adcObjectInit                            0x08001d25   Thumb Code    22  adc.o(.text)
    adcStart                                 0x08001d3b   Thumb Code    30  adc.o(.text)
    adcStop                                  0x08001d59   Thumb Code    28  adc.o(.text)
    adcStartConversionI                      0x08001d75   Thumb Code    14  adc.o(.text)
    adcStartConversion                       0x08001d83   Thumb Code    32  adc.o(.text)
    adcStopConversion                        0x08001da3   Thumb Code    48  adc.o(.text)
    adcStopConversionI                       0x08001dd3   Thumb Code    50  adc.o(.text)
    adcConvert                               0x08001e05   Thumb Code    50  adc.o(.text)
    adcAcquireBus                            0x08001e37   Thumb Code     6  adc.o(.text)
    adcReleaseBus                            0x08001e3d   Thumb Code     4  adc.o(.text)
    halInit                                  0x08001e45   Thumb Code    40  hal.o(.text)
    halIsCounterWithin                       0x08001e6d   Thumb Code    34  hal.o(.text)
    halPolledDelay                           0x08001e8f   Thumb Code    32  hal.o(.text)
    pwmInit                                  0x08001eb9   Thumb Code     4  pwm.o(.text)
    pwmObjectInit                            0x08001ebd   Thumb Code    10  pwm.o(.text)
    pwmStart                                 0x08001ec7   Thumb Code    34  pwm.o(.text)
    pwmStop                                  0x08001ee9   Thumb Code    28  pwm.o(.text)
    pwmChangePeriod                          0x08001f05   Thumb Code    24  pwm.o(.text)
    pwmEnableChannel                         0x08001f1d   Thumb Code    20  pwm.o(.text)
    pwmDisableChannel                        0x08001f31   Thumb Code    20  pwm.o(.text)
    sdInit                                   0x08001f85   Thumb Code     4  serial.o(.text)
    sdObjectInit                             0x08001f89   Thumb Code    56  serial.o(.text)
    sdStart                                  0x08001fc1   Thumb Code    28  serial.o(.text)
    sdStop                                   0x08001fdd   Thumb Code    48  serial.o(.text)
    sdIncomingDataI                          0x0800200d   Thumb Code    46  serial.o(.text)
    sdRequestDataI                           0x0800203b   Thumb Code    26  serial.o(.text)
    spiInit                                  0x08002059   Thumb Code     4  spi.o(.text)
    spiObjectInit                            0x0800205d   Thumb Code    16  spi.o(.text)
    spiStart                                 0x0800206d   Thumb Code    30  spi.o(.text)
    spiStop                                  0x0800208b   Thumb Code    34  spi.o(.text)
    spiSelect                                0x080020ad   Thumb Code    20  spi.o(.text)
    spiUnselect                              0x080020c1   Thumb Code    20  spi.o(.text)
    spiStartIgnore                           0x080020d5   Thumb Code    24  spi.o(.text)
    spiStartExchange                         0x080020ed   Thumb Code    30  spi.o(.text)
    spiStartSend                             0x0800210b   Thumb Code    24  spi.o(.text)
    spiStartReceive                          0x08002123   Thumb Code    24  spi.o(.text)
    spiIgnore                                0x0800213b   Thumb Code    40  spi.o(.text)
    spiExchange                              0x08002163   Thumb Code    40  spi.o(.text)
    spiSend                                  0x0800218b   Thumb Code    40  spi.o(.text)
    spiReceive                               0x080021b3   Thumb Code    40  spi.o(.text)
    spiAcquireBus                            0x080021db   Thumb Code     6  spi.o(.text)
    spiReleaseBus                            0x080021e1   Thumb Code     4  spi.o(.text)
    tmObjectInit                             0x08002217   Thumb Code    20  tm.o(.text)
    tmInit                                   0x0800222b   Thumb Code    46  tm.o(.text)
    _pal_lld_init                            0x08002269   Thumb Code   230  pal_lld.o(.text)
    _pal_lld_setgroupmode                    0x0800234f   Thumb Code   172  pal_lld.o(.text)
    VectorB8                                 0x0800241d   Thumb Code    98  pwm_lld.o(.text)
    pwm_lld_init                             0x0800247f   Thumb Code    16  pwm_lld.o(.text)
    pwm_lld_start                            0x0800248f   Thumb Code   284  pwm_lld.o(.text)
    pwm_lld_stop                             0x080025ab   Thumb Code    50  pwm_lld.o(.text)
    pwm_lld_enable_channel                   0x080025dd   Thumb Code    60  pwm_lld.o(.text)
    pwm_lld_disable_channel                  0x08002619   Thumb Code    34  pwm_lld.o(.text)
    VectorD4                                 0x0800265d   Thumb Code   242  serial_lld.o(.text)
    sd_lld_init                              0x0800274f   Thumb Code    20  serial_lld.o(.text)
    sd_lld_start                             0x08002763   Thumb Code    90  serial_lld.o(.text)
    sd_lld_stop                              0x080027bd   Thumb Code    42  serial_lld.o(.text)
    spi_lld_init                             0x08002883   Thumb Code    44  spi_lld.o(.text)
    spi_lld_start                            0x080028af   Thumb Code   150  spi_lld.o(.text)
    spi_lld_stop                             0x08002945   Thumb Code    54  spi_lld.o(.text)
    spi_lld_select                           0x0800297b   Thumb Code    16  spi_lld.o(.text)
    spi_lld_unselect                         0x0800298b   Thumb Code    16  spi_lld.o(.text)
    spi_lld_ignore                           0x0800299b   Thumb Code    70  spi_lld.o(.text)
    spi_lld_exchange                         0x080029e1   Thumb Code    86  spi_lld.o(.text)
    spi_lld_send                             0x08002a37   Thumb Code    84  spi_lld.o(.text)
    spi_lld_receive                          0x08002a8b   Thumb Code    72  spi_lld.o(.text)
    spi_lld_polled_exchange                  0x08002ad3   Thumb Code    18  spi_lld.o(.text)
    Vector6C                                 0x08002b05   Thumb Code    32  stm32_dma.o(.text)
    Vector70                                 0x08002b25   Thumb Code    34  stm32_dma.o(.text)
    Vector74                                 0x08002b47   Thumb Code    34  stm32_dma.o(.text)
    Vector78                                 0x08002b69   Thumb Code    34  stm32_dma.o(.text)
    Vector7C                                 0x08002b8b   Thumb Code    34  stm32_dma.o(.text)
    Vector80                                 0x08002bad   Thumb Code    34  stm32_dma.o(.text)
    Vector84                                 0x08002bcf   Thumb Code    34  stm32_dma.o(.text)
    dmaInit                                  0x08002bf1   Thumb Code    44  stm32_dma.o(.text)
    dmaStreamAllocate                        0x08002c1d   Thumb Code   134  stm32_dma.o(.text)
    dmaStreamRelease                         0x08002ca3   Thumb Code    48  stm32_dma.o(.text)
    adc_lld_stop_conversion                  0x08002ce9   Thumb Code    44  adc_lld.o(.text)
    Vector88                                 0x08002e3b   Thumb Code   134  adc_lld.o(.text)
    adc_lld_init                             0x08002ec1   Thumb Code    36  adc_lld.o(.text)
    adc_lld_start                            0x08002ee5   Thumb Code    66  adc_lld.o(.text)
    adc_lld_stop                             0x08002f27   Thumb Code    48  adc_lld.o(.text)
    adc_lld_start_conversion                 0x08002f57   Thumb Code   176  adc_lld.o(.text)
    adcSTM32EnableTSVREFE                    0x08003007   Thumb Code    12  adc_lld.o(.text)
    adcSTM32DisableTSVREFE                   0x08003013   Thumb Code    12  adc_lld.o(.text)
    hal_lld_init                             0x0800303d   Thumb Code   166  hal_lld.o(.text)
    stm32_clock_init                         0x080030e3   Thumb Code   252  hal_lld.o(.text)
    test_printn                              0x0800320d   Thumb Code    86  test.o(.text)
    test_print                               0x08003263   Thumb Code    34  test.o(.text)
    test_println                             0x08003285   Thumb Code    46  test.o(.text)
    test_emit_token                          0x080032b3   Thumb Code    24  test.o(.text)
    _test_fail                               0x080032cb   Thumb Code    14  test.o(.text)
    _test_assert                             0x080032d9   Thumb Code    22  test.o(.text)
    _test_assert_sequence                    0x080032ef   Thumb Code    60  test.o(.text)
    _test_assert_time_window                 0x0800332b   Thumb Code    30  test.o(.text)
    test_terminate_threads                   0x08003349   Thumb Code    28  test.o(.text)
    test_wait_threads                        0x08003365   Thumb Code    30  test.o(.text)
    test_cpu_pulse                           0x08003383   Thumb Code    60  test.o(.text)
    test_wait_tick                           0x080033bf   Thumb Code    14  test.o(.text)
    test_start_timer                         0x080033d5   Thumb Code    56  test.o(.text)
    TestThread                               0x0800340d   Thumb Code  1424  test.o(.text)
    thread4                                  0x08003bb3   Thumb Code    32  testbmk.o(.text)
    main                                     0x08006b09   Thumb Code   226  main.o(.text)
    __use_two_region_memory                  0x08006c35   Thumb Code     2  heapauxi.o(.text)
    __rt_heap_escrow$2region                 0x08006c37   Thumb Code     2  heapauxi.o(.text)
    __rt_heap_expand$2region                 0x08006c39   Thumb Code     2  heapauxi.o(.text)
    exit                                     0x08006c3b   Thumb Code    12  exit.o(.text)
    _sys_exit                                0x08006c49   Thumb Code     8  sys_exit.o(.text)
    __I$use$semihosting                      0x08006c55   Thumb Code     0  use_no_semi.o(.text)
    __use_no_semihosting_swi                 0x08006c55   Thumb Code     2  use_no_semi.o(.text)
    __semihosting_library_function           0x08006c57   Thumb Code     0  indicate_semi.o(.text)
    pal_default_config                       0x08006c58   Data         168  board.o(.constdata)
    ch_debug                                 0x08006d00   Data          22  chregistry.o(.constdata)
    _stm32_dma_streams                       0x08006d44   Data          84  stm32_dma.o(.constdata)
    wa                                       0x08006d98   Data          20  test.o(.constdata)
    testbmk1                                 0x08006dac   Data          16  testbmk.o(.constdata)
    testbmk2                                 0x08006dbc   Data          16  testbmk.o(.constdata)
    testbmk3                                 0x08006dcc   Data          16  testbmk.o(.constdata)
    testbmk4                                 0x08006ddc   Data          16  testbmk.o(.constdata)
    testbmk5                                 0x08006dec   Data          16  testbmk.o(.constdata)
    testbmk6                                 0x08006dfc   Data          16  testbmk.o(.constdata)
    testbmk7                                 0x08006e0c   Data          16  testbmk.o(.constdata)
    testbmk8                                 0x08006e1c   Data          16  testbmk.o(.constdata)
    testbmk9                                 0x08006e2c   Data          16  testbmk.o(.constdata)
    testbmk10                                0x08006e3c   Data          16  testbmk.o(.constdata)
    testbmk11                                0x08006e4c   Data          16  testbmk.o(.constdata)
    testbmk12                                0x08006e5c   Data          16  testbmk.o(.constdata)
    testbmk13                                0x08006e6c   Data          16  testbmk.o(.constdata)
    patternbmk                               0x08006e7c   Data          56  testbmk.o(.constdata)
    testdyn1                                 0x08006eb4   Data          16  testdyn.o(.constdata)
    testdyn2                                 0x08006ec4   Data          16  testdyn.o(.constdata)
    testdyn3                                 0x08006ed4   Data          16  testdyn.o(.constdata)
    patterndyn                               0x08006ee4   Data          16  testdyn.o(.constdata)
    testevt1                                 0x08006f00   Data          16  testevt.o(.constdata)
    testevt2                                 0x08006f10   Data          16  testevt.o(.constdata)
    testevt3                                 0x08006f20   Data          16  testevt.o(.constdata)
    patternevt                               0x08006f30   Data          16  testevt.o(.constdata)
    testheap1                                0x08006f40   Data          16  testheap.o(.constdata)
    patternheap                              0x08006f50   Data           8  testheap.o(.constdata)
    testmbox1                                0x08006f58   Data          16  testmbox.o(.constdata)
    patternmbox                              0x08006f68   Data           8  testmbox.o(.constdata)
    testmsg1                                 0x08006f70   Data          16  testmsg.o(.constdata)
    patternmsg                               0x08006f80   Data           8  testmsg.o(.constdata)
    testmtx1                                 0x08006f88   Data          16  testmtx.o(.constdata)
    testmtx2                                 0x08006f98   Data          16  testmtx.o(.constdata)
    testmtx3                                 0x08006fa8   Data          16  testmtx.o(.constdata)
    testmtx4                                 0x08006fb8   Data          16  testmtx.o(.constdata)
    testmtx5                                 0x08006fc8   Data          16  testmtx.o(.constdata)
    testmtx6                                 0x08006fd8   Data          16  testmtx.o(.constdata)
    testmtx7                                 0x08006fe8   Data          16  testmtx.o(.constdata)
    testmtx8                                 0x08006ff8   Data          16  testmtx.o(.constdata)
    patternmtx                               0x08007008   Data          36  testmtx.o(.constdata)
    testpools1                               0x0800702c   Data          16  testpools.o(.constdata)
    patternpools                             0x0800703c   Data           8  testpools.o(.constdata)
    testqueues1                              0x08007044   Data          16  testqueues.o(.constdata)
    testqueues2                              0x08007054   Data          16  testqueues.o(.constdata)
    patternqueues                            0x08007064   Data          12  testqueues.o(.constdata)
    testsem1                                 0x08007070   Data          16  testsem.o(.constdata)
    testsem2                                 0x08007080   Data          16  testsem.o(.constdata)
    testsem3                                 0x08007090   Data          16  testsem.o(.constdata)
    testsem4                                 0x080070a0   Data          16  testsem.o(.constdata)
    patternsem                               0x080070b0   Data          20  testsem.o(.constdata)
    testthd1                                 0x080070c4   Data          16  testthd.o(.constdata)
    testthd2                                 0x080070d4   Data          16  testthd.o(.constdata)
    testthd3                                 0x080070e4   Data          16  testthd.o(.constdata)
    testthd4                                 0x080070f4   Data          16  testthd.o(.constdata)
    patternthd                               0x08007104   Data          20  testthd.o(.constdata)
    Region$$Table$$Base                      0x080075fc   Number         0  anon$$obj.o(Region$$Table)
    Region$$Table$$Limit                     0x0800761c   Number         0  anon$$obj.o(Region$$Table)
    test_timer_done                          0x20000016   Data           1  test.o(.data)
    rlist                                    0x20000168   Data          28  chschd.o(.bss)
    _idle_thread_wa                          0x200001d0   Data         192  chsys.o(.bss)
    vtlist                                   0x20000290   Data          16  chvt.o(.bss)
    PWMD4                                    0x200002a0   Data          20  pwm_lld.o(.bss)
    SD1                                      0x200002b4   Data         120  serial_lld.o(.bss)
    SPID2                                    0x2000032c   Data          48  spi_lld.o(.bss)
    ADCD1                                    0x20000394   Data          52  adc_lld.o(.bss)
    threads                                  0x200003d8   Data          20  test.o(.bss)
    test                                     0x20000400   Data        1520  test.o(.bss)
    __main_thread_stack_base__               0x20000bf8   Data           0  cstartup.o(CSTACK)
    __initial_sp                             0x20000ff8   Data           0  cstartup.o(CSTACK)
    Image$$RW_IRAM1$$ZI$$Limit               0x200017f8   Number         0  cstartup.o(MSTACK)
    __initial_msp                            0x200017f8   Data           0  cstartup.o(MSTACK)
    Image$$RW_IRAM2$$Base                    0x20004000   Number         0  anon$$obj.o(linker$$defined$$symbols)



==============================================================================

Memory Map of the image

  Image Entry point : 0x080000f5

  Load Region LR_IROM1 (Base: 0x08000000, Size: 0x00007760, Max: 0x00020000, ABSOLUTE, COMPRESSED[0x000076b0])

    Execution Region ER_IROM1 (Base: 0x08000000, Size: 0x0000761c, Max: 0x00020000, ABSOLUTE)

    Base Addr    Size         Type   Attr      Idx    E Section Name        Object

    0x08000000   0x000000f4   Data   RO          292    RESET               vectors.o
    0x080000f4   0x00000008   Code   RO         1485  * !!!main             c_w.l(__main.o)
    0x080000fc   0x00000034   Code   RO         1647    !!!scatter          c_w.l(__scatter.o)
    0x08000130   0x0000005a   Code   RO         1645    !!dczerorl2         c_w.l(__dczerorl2.o)
    0x0800018a   0x00000002   PAD
    0x0800018c   0x0000001c   Code   RO         1649    !!handler_zi        c_w.l(__scatter_zi.o)
    0x080001a8   0x00000002   Code   RO         1517    .ARM.Collect$$libinit$$00000000  c_w.l(libinit.o)
    0x080001aa   0x00000000   Code   RO         1524    .ARM.Collect$$libinit$$00000002  c_w.l(libinit2.o)
    0x080001aa   0x00000000   Code   RO         1527    .ARM.Collect$$libinit$$00000008  c_w.l(libinit2.o)
    0x080001aa   0x00000000   Code   RO         1529    .ARM.Collect$$libinit$$0000000A  c_w.l(libinit2.o)
    0x080001aa   0x00000000   Code   RO         1531    .ARM.Collect$$libinit$$0000000C  c_w.l(libinit2.o)
    0x080001aa   0x00000000   Code   RO         1534    .ARM.Collect$$libinit$$0000000F  c_w.l(libinit2.o)
    0x080001aa   0x00000000   Code   RO         1536    .ARM.Collect$$libinit$$00000011  c_w.l(libinit2.o)
    0x080001aa   0x00000000   Code   RO         1538    .ARM.Collect$$libinit$$00000013  c_w.l(libinit2.o)
    0x080001aa   0x00000000   Code   RO         1540    .ARM.Collect$$libinit$$00000015  c_w.l(libinit2.o)
    0x080001aa   0x00000000   Code   RO         1542    .ARM.Collect$$libinit$$00000017  c_w.l(libinit2.o)
    0x080001aa   0x00000000   Code   RO         1544    .ARM.Collect$$libinit$$00000019  c_w.l(libinit2.o)
    0x080001aa   0x00000000   Code   RO         1546    .ARM.Collect$$libinit$$0000001B  c_w.l(libinit2.o)
    0x080001aa   0x00000000   Code   RO         1548    .ARM.Collect$$libinit$$0000001D  c_w.l(libinit2.o)
    0x080001aa   0x00000000   Code   RO         1550    .ARM.Collect$$libinit$$0000001F  c_w.l(libinit2.o)
    0x080001aa   0x00000000   Code   RO         1552    .ARM.Collect$$libinit$$00000021  c_w.l(libinit2.o)
    0x080001aa   0x00000000   Code   RO         1554    .ARM.Collect$$libinit$$00000023  c_w.l(libinit2.o)
    0x080001aa   0x00000000   Code   RO         1558    .ARM.Collect$$libinit$$0000002A  c_w.l(libinit2.o)
    0x080001aa   0x00000000   Code   RO         1560    .ARM.Collect$$libinit$$0000002C  c_w.l(libinit2.o)
    0x080001aa   0x00000000   Code   RO         1562    .ARM.Collect$$libinit$$0000002E  c_w.l(libinit2.o)
    0x080001aa   0x00000000   Code   RO         1564    .ARM.Collect$$libinit$$00000030  c_w.l(libinit2.o)
    0x080001aa   0x00000002   Code   RO         1565    .ARM.Collect$$libinit$$00000031  c_w.l(libinit2.o)
    0x080001ac   0x00000002   Code   RO         1585    .ARM.Collect$$libshutdown$$00000000  c_w.l(libshutdown.o)
    0x080001ae   0x00000000   Code   RO         1599    .ARM.Collect$$libshutdown$$00000003  c_w.l(libshutdown2.o)
    0x080001ae   0x00000000   Code   RO         1602    .ARM.Collect$$libshutdown$$00000006  c_w.l(libshutdown2.o)
    0x080001ae   0x00000000   Code   RO         1605    .ARM.Collect$$libshutdown$$00000009  c_w.l(libshutdown2.o)
    0x080001ae   0x00000000   Code   RO         1607    .ARM.Collect$$libshutdown$$0000000B  c_w.l(libshutdown2.o)
    0x080001ae   0x00000000   Code   RO         1610    .ARM.Collect$$libshutdown$$0000000E  c_w.l(libshutdown2.o)
    0x080001ae   0x00000002   Code   RO         1611    .ARM.Collect$$libshutdown$$0000000F  c_w.l(libshutdown2.o)
    0x080001b0   0x00000000   Code   RO         1487    .ARM.Collect$$rtentry$$00000000  c_w.l(rtentry.o)
    0x080001b0   0x00000000   Code   RO         1489    .ARM.Collect$$rtentry$$00000002  c_w.l(rtentry2.o)
    0x080001b0   0x00000004   Code   RO         1503    .ARM.Collect$$rtentry$$00000005  c_w.l(rtentry5.o)
    0x080001b4   0x00000000   Code   RO         1491    .ARM.Collect$$rtentry$$00000009  c_w.l(rtentry2.o)
    0x080001b4   0x00000004   Code   RO         1492    .ARM.Collect$$rtentry$$0000000A  c_w.l(rtentry2.o)
    0x080001b8   0x00000000   Code   RO         1494    .ARM.Collect$$rtentry$$0000000C  c_w.l(rtentry2.o)
    0x080001b8   0x00000008   Code   RO         1495    .ARM.Collect$$rtentry$$0000000D  c_w.l(rtentry2.o)
    0x080001c0   0x00000004   Code   RO         1504    .ARM.Collect$$rtentry$$00002716  c_w.l(rtentry5.o)
    0x080001c4   0x00000002   Code   RO         1521    .ARM.Collect$$rtexit$$00000000  c_w.l(rtexit.o)
    0x080001c6   0x00000000   Code   RO         1567    .ARM.Collect$$rtexit$$00000002  c_w.l(rtexit2.o)
    0x080001c6   0x00000004   Code   RO         1568    .ARM.Collect$$rtexit$$00000003  c_w.l(rtexit2.o)
    0x080001ca   0x00000006   Code   RO         1569    .ARM.Collect$$rtexit$$00000004  c_w.l(rtexit2.o)
    0x080001d0   0x00000006   Code   RO            3    .text               board.o
    0x080001d6   0x00000002   PAD
    0x080001d8   0x00000040   Code   RO          259    .text               cstartup.o
    0x08000218   0x00000024   Code   RO          263    .text               chcoreasm_v7m.o
    0x0800023c   0x00000004   Code   RO          267    .text               chcore.o
    0x08000240   0x000000f8   Code   RO          279    .text               chcore_v7m.o
    0x08000338   0x00000002   Code   RO          293    .text               vectors.o
    0x0800033a   0x00000002   PAD
    0x0800033c   0x000000a0   Code   RO          297    .text               nvic.o
    0x080003dc   0x000001d4   Code   RO          309    .text               chcond.o
    0x080005b0   0x000000e8   Code   RO          331    .text               chdynamic.o
    0x08000698   0x00000338   Code   RO          343    .text               chevents.o
    0x080009d0   0x00000150   Code   RO          356    .text               chheap.o
    0x08000b20   0x0000025a   Code   RO          376    .text               chmboxes.o
    0x08000d7a   0x00000002   PAD
    0x08000d7c   0x0000006c   Code   RO          389    .text               chmemcore.o
    0x08000de8   0x00000092   Code   RO          404    .text               chmempools.o
    0x08000e7a   0x00000002   PAD
    0x08000e7c   0x00000084   Code   RO          417    .text               chmsg.o
    0x08000f00   0x00000224   Code   RO          432    .text               chmtx.o
    0x08001124   0x00000334   Code   RO          448    .text               chqueues.o
    0x08001458   0x00000044   Code   RO          460    .text               chregistry.o
    0x0800149c   0x000002c8   Code   RO          478    .text               chschd.o
    0x08001764   0x00000220   Code   RO          500    .text               chsem.o
    0x08001984   0x000000c4   Code   RO          513    .text               chsys.o
    0x08001a48   0x00000268   Code   RO          531    .text               chthreads.o
    0x08001cb0   0x00000070   Code   RO          547    .text               chvt.o
    0x08001d20   0x00000124   Code   RO          630    .text               adc.o
    0x08001e44   0x00000074   Code   RO          693    .text               hal.o
    0x08001eb8   0x0000008c   Code   RO          790    .text               pwm.o
    0x08001f44   0x00000114   Code   RO          838    .text               serial.o
    0x08002058   0x00000190   Code   RO          874    .text               spi.o
    0x080021e8   0x00000080   Code   RO          894    .text               tm.o
    0x08002268   0x000001b4   Code   RO          931    .text               pal_lld.o
    0x0800241c   0x00000234   Code   RO          968    .text               pwm_lld.o
    0x08002650   0x000001b4   Code   RO          997    .text               serial_lld.o
    0x08002804   0x00000300   Code   RO         1024    .text               spi_lld.o
    0x08002b04   0x000001e4   Code   RO         1051    .text               stm32_dma.o
    0x08002ce8   0x00000354   Code   RO         1087    .text               adc_lld.o
    0x0800303c   0x000001d0   Code   RO         1114    .text               hal_lld.o
    0x0800320c   0x000007e4   Code   RO         1134    .text               test.o
    0x080039f0   0x000008f4   Code   RO         1206    .text               testbmk.o
    0x080042e4   0x000003cc   Code   RO         1252    .text               testdyn.o
    0x080046b0   0x0000043c   Code   RO         1273    .text               testevt.o
    0x08004aec   0x00000278   Code   RO         1295    .text               testheap.o
    0x08004d64   0x000005b0   Code   RO         1312    .text               testmbox.o
    0x08005314   0x00000094   Code   RO         1329    .text               testmsg.o
    0x080053a8   0x00000944   Code   RO         1345    .text               testmtx.o
    0x08005cec   0x000000d8   Code   RO         1376    .text               testpools.o
    0x08005dc4   0x000004c4   Code   RO         1393    .text               testqueues.o
    0x08006288   0x00000478   Code   RO         1412    .text               testsem.o
    0x08006700   0x00000340   Code   RO         1435    .text               testthd.o
    0x08006a40   0x000001f4   Code   RO         1459    .text               main.o
    0x08006c34   0x00000006   Code   RO         1483    .text               c_w.l(heapauxi.o)
    0x08006c3a   0x0000000c   Code   RO         1510    .text               c_w.l(exit.o)
    0x08006c46   0x00000002   PAD
    0x08006c48   0x0000000c   Code   RO         1577    .text               c_w.l(sys_exit.o)
    0x08006c54   0x00000002   Code   RO         1588    .text               c_w.l(use_no_semi.o)
    0x08006c56   0x00000000   Code   RO         1590    .text               c_w.l(indicate_semi.o)
    0x08006c56   0x00000002   PAD
    0x08006c58   0x000000a8   Data   RO            4    .constdata          board.o
    0x08006d00   0x00000016   Data   RO          461    .constdata          chregistry.o
    0x08006d16   0x00000002   PAD
    0x08006d18   0x00000020   Data   RO          839    .constdata          serial.o
    0x08006d38   0x0000000c   Data   RO          999    .constdata          serial_lld.o
    0x08006d44   0x00000054   Data   RO         1053    .constdata          stm32_dma.o
    0x08006d98   0x00000014   Data   RO         1137    .constdata          test.o
    0x08006dac   0x00000010   Data   RO         1208    .constdata          testbmk.o
    0x08006dbc   0x00000010   Data   RO         1209    .constdata          testbmk.o
    0x08006dcc   0x00000010   Data   RO         1210    .constdata          testbmk.o
    0x08006ddc   0x00000010   Data   RO         1211    .constdata          testbmk.o
    0x08006dec   0x00000010   Data   RO         1212    .constdata          testbmk.o
    0x08006dfc   0x00000010   Data   RO         1213    .constdata          testbmk.o
    0x08006e0c   0x00000010   Data   RO         1214    .constdata          testbmk.o
    0x08006e1c   0x00000010   Data   RO         1215    .constdata          testbmk.o
    0x08006e2c   0x00000010   Data   RO         1216    .constdata          testbmk.o
    0x08006e3c   0x00000010   Data   RO         1217    .constdata          testbmk.o
    0x08006e4c   0x00000010   Data   RO         1218    .constdata          testbmk.o
    0x08006e5c   0x00000010   Data   RO         1219    .constdata          testbmk.o
    0x08006e6c   0x00000010   Data   RO         1220    .constdata          testbmk.o
    0x08006e7c   0x00000038   Data   RO         1221    .constdata          testbmk.o
    0x08006eb4   0x00000010   Data   RO         1254    .constdata          testdyn.o
    0x08006ec4   0x00000010   Data   RO         1255    .constdata          testdyn.o
    0x08006ed4   0x00000010   Data   RO         1256    .constdata          testdyn.o
    0x08006ee4   0x00000010   Data   RO         1257    .constdata          testdyn.o
    0x08006ef4   0x0000000c   Data   RO         1274    .constdata          testevt.o
    0x08006f00   0x00000010   Data   RO         1275    .constdata          testevt.o
    0x08006f10   0x00000010   Data   RO         1276    .constdata          testevt.o
    0x08006f20   0x00000010   Data   RO         1277    .constdata          testevt.o
    0x08006f30   0x00000010   Data   RO         1278    .constdata          testevt.o
    0x08006f40   0x00000010   Data   RO         1297    .constdata          testheap.o
    0x08006f50   0x00000008   Data   RO         1298    .constdata          testheap.o
    0x08006f58   0x00000010   Data   RO         1313    .constdata          testmbox.o
    0x08006f68   0x00000008   Data   RO         1314    .constdata          testmbox.o
    0x08006f70   0x00000010   Data   RO         1330    .constdata          testmsg.o
    0x08006f80   0x00000008   Data   RO         1331    .constdata          testmsg.o
    0x08006f88   0x00000010   Data   RO         1346    .constdata          testmtx.o
    0x08006f98   0x00000010   Data   RO         1347    .constdata          testmtx.o
    0x08006fa8   0x00000010   Data   RO         1348    .constdata          testmtx.o
    0x08006fb8   0x00000010   Data   RO         1349    .constdata          testmtx.o
    0x08006fc8   0x00000010   Data   RO         1350    .constdata          testmtx.o
    0x08006fd8   0x00000010   Data   RO         1351    .constdata          testmtx.o
    0x08006fe8   0x00000010   Data   RO         1352    .constdata          testmtx.o
    0x08006ff8   0x00000010   Data   RO         1353    .constdata          testmtx.o
    0x08007008   0x00000024   Data   RO         1354    .constdata          testmtx.o
    0x0800702c   0x00000010   Data   RO         1377    .constdata          testpools.o
    0x0800703c   0x00000008   Data   RO         1378    .constdata          testpools.o
    0x08007044   0x00000010   Data   RO         1394    .constdata          testqueues.o
    0x08007054   0x00000010   Data   RO         1395    .constdata          testqueues.o
    0x08007064   0x0000000c   Data   RO         1396    .constdata          testqueues.o
    0x08007070   0x00000010   Data   RO         1413    .constdata          testsem.o
    0x08007080   0x00000010   Data   RO         1414    .constdata          testsem.o
    0x08007090   0x00000010   Data   RO         1415    .constdata          testsem.o
    0x080070a0   0x00000010   Data   RO         1416    .constdata          testsem.o
    0x080070b0   0x00000014   Data   RO         1417    .constdata          testsem.o
    0x080070c4   0x00000010   Data   RO         1436    .constdata          testthd.o
    0x080070d4   0x00000010   Data   RO         1437    .constdata          testthd.o
    0x080070e4   0x00000010   Data   RO         1438    .constdata          testthd.o
    0x080070f4   0x00000010   Data   RO         1439    .constdata          testthd.o
    0x08007104   0x00000014   Data   RO         1440    .constdata          testthd.o
    0x08007118   0x00000040   Data   RO         1461    .constdata          main.o
    0x08007158   0x00000017   Data   RO         1222    .conststring        testbmk.o
    0x0800716f   0x00000017   Data   RO         1223    .conststring        testbmk.o
    0x08007186   0x00000017   Data   RO         1224    .conststring        testbmk.o
    0x0800719d   0x0000001a   Data   RO         1225    .conststring        testbmk.o
    0x080071b7   0x0000001f   Data   RO         1226    .conststring        testbmk.o
    0x080071d6   0x00000020   Data   RO         1227    .conststring        testbmk.o
    0x080071f6   0x00000026   Data   RO         1228    .conststring        testbmk.o
    0x0800721c   0x00000029   Data   RO         1229    .conststring        testbmk.o
    0x08007245   0x00000021   Data   RO         1230    .conststring        testbmk.o
    0x08007266   0x00000024   Data   RO         1231    .conststring        testbmk.o
    0x0800728a   0x00000022   Data   RO         1232    .conststring        testbmk.o
    0x080072ac   0x0000001f   Data   RO         1233    .conststring        testbmk.o
    0x080072cb   0x00000019   Data   RO         1234    .conststring        testbmk.o
    0x080072e4   0x00000029   Data   RO         1258    .conststring        testdyn.o
    0x0800730d   0x00000030   Data   RO         1259    .conststring        testdyn.o
    0x0800733d   0x00000026   Data   RO         1260    .conststring        testdyn.o
    0x08007363   0x00000022   Data   RO         1279    .conststring        testevt.o
    0x08007385   0x0000001b   Data   RO         1280    .conststring        testevt.o
    0x080073a0   0x00000011   Data   RO         1281    .conststring        testevt.o
    0x080073b1   0x00000028   Data   RO         1299    .conststring        testheap.o
    0x080073d9   0x00000020   Data   RO         1315    .conststring        testmbox.o
    0x080073f9   0x0000000f   Data   RO         1332    .conststring        testmsg.o
    0x08007408   0x00000021   Data   RO         1355    .conststring        testmtx.o
    0x08007429   0x0000002b   Data   RO         1356    .conststring        testmtx.o
    0x08007454   0x0000002c   Data   RO         1357    .conststring        testmtx.o
    0x08007480   0x00000019   Data   RO         1358    .conststring        testmtx.o
    0x08007499   0x00000010   Data   RO         1359    .conststring        testmtx.o
    0x080074a9   0x00000015   Data   RO         1360    .conststring        testmtx.o
    0x080074be   0x00000018   Data   RO         1361    .conststring        testmtx.o
    0x080074d6   0x00000014   Data   RO         1362    .conststring        testmtx.o
    0x080074ea   0x0000001c   Data   RO         1379    .conststring        testpools.o
    0x08007506   0x00000015   Data   RO         1397    .conststring        testqueues.o
    0x0800751b   0x00000016   Data   RO         1398    .conststring        testqueues.o
    0x08007531   0x00000016   Data   RO         1418    .conststring        testsem.o
    0x08007547   0x00000014   Data   RO         1419    .conststring        testsem.o
    0x0800755b   0x0000001f   Data   RO         1420    .conststring        testsem.o
    0x0800757a   0x00000021   Data   RO         1421    .conststring        testsem.o
    0x0800759b   0x0000001b   Data   RO         1441    .conststring        testthd.o
    0x080075b6   0x0000001b   Data   RO         1442    .conststring        testthd.o
    0x080075d1   0x00000019   Data   RO         1443    .conststring        testthd.o
    0x080075ea   0x00000010   Data   RO         1444    .conststring        testthd.o
    0x080075fa   0x00000002   PAD
    0x080075fc   0x00000020   Data   RO         1642    Region$$Table       anon$$obj.o


    Execution Region RW_IRAM1 (Base: 0x20000000, Size: 0x000017f8, Max: 0x00004000, ABSOLUTE, COMPRESSED[0x00000094])

    Base Addr    Size         Type   Attr      Idx    E Section Name        Object

    0x20000000   0x00000008   Data   RW          390    .data               chmemcore.o
    0x20000008   0x00000004   Data   RW          895    .data               tm.o
    0x2000000c   0x00000004   Data   RW         1026    .data               spi_lld.o
    0x20000010   0x00000004   Data   RW         1054    .data               stm32_dma.o
    0x20000014   0x00000040   Data   RW         1138    .data               test.o
    0x20000054   0x00000008   Data   RW         1282    .data               testevt.o
    0x2000005c   0x00000028   Data   RW         1316    .data               testmbox.o
    0x20000084   0x00000028   Data   RW         1363    .data               testmtx.o
    0x200000ac   0x0000000c   Data   RW         1380    .data               testpools.o
    0x200000b8   0x00000048   Data   RW         1399    .data               testqueues.o
    0x20000100   0x0000000c   Data   RW         1422    .data               testsem.o
    0x2000010c   0x00000038   Data   RW         1462    .data               main.o
    0x20000144   0x00000004   PAD
    0x20000148   0x00000020   Zero   RW          357    .bss                chheap.o
    0x20000168   0x0000001c   Zero   RW          479    .bss                chschd.o
    0x20000184   0x00000004   PAD
    0x20000188   0x00000108   Zero   RW          514    .bss                chsys.o
    0x20000290   0x00000010   Zero   RW          548    .bss                chvt.o
    0x200002a0   0x00000014   Zero   RW          969    .bss                pwm_lld.o
    0x200002b4   0x00000078   Zero   RW          998    .bss                serial_lld.o
    0x2000032c   0x00000030   Zero   RW         1025    .bss                spi_lld.o
    0x2000035c   0x00000038   Zero   RW         1052    .bss                stm32_dma.o
    0x20000394   0x00000034   Zero   RW         1088    .bss                adc_lld.o
    0x200003c8   0x00000038   Zero   RW         1135    .bss                test.o
    0x20000400   0x000005f0   Zero   RW         1136    .bss                test.o
    0x200009f0   0x00000078   Zero   RW         1207    .bss                testbmk.o
    0x20000a68   0x0000002c   Zero   RW         1253    .bss                testdyn.o
    0x20000a94   0x00000004   PAD
    0x20000a98   0x00000020   Zero   RW         1296    .bss                testheap.o
    0x20000ab8   0x00000140   Zero   RW         1460    .bss                main.o
    0x20000bf8   0x00000400   Zero   RW          257    CSTACK              cstartup.o
    0x20000ff8   0x00000400   Zero   RW          258    HEAP                cstartup.o
    0x200013f8   0x00000400   Zero   RW          256    MSTACK              cstartup.o


    Execution Region RW_IRAM2 (Base: 0x20004000, Size: 0x00000000, Max: 0x00000001, ABSOLUTE)

    Base Addr    Size         Type   Attr      Idx    E Section Name        Object

    0x20004000   0x00000000   Data   RO         1644    linker$$defined$$symbols  anon$$obj.o


==============================================================================

Image component sizes


      Code (inc. data)   RO Data    RW Data    ZI Data      Debug   Object Name

       292          4          0          0          0       2770   adc.o
       852         30          0          0         52       7039   adc_lld.o
         6          0        168          0          0     229570   board.o
       468          4          0          0          0       3907   chcond.o
         4          0          0          0          0        432   chcore.o
       248         24          0          0          0       1745   chcore_v7m.o
        36          0          0          0          0        496   chcoreasm_v7m.o
       232          0          0          0          0       1809   chdynamic.o
       824          4          0          0          0       5268   chevents.o
       336         10          0          0         32       2120   chheap.o
       602          0          0          0          0       3544   chmboxes.o
       108         12          0          8          0       1810   chmemcore.o
       146          0          0          0          0       2163   chmempools.o
       132          4          0          0          0       1747   chmsg.o
       548          4          0          0          0       3978   chmtx.o
       820          4          0          0          0       4339   chqueues.o
        68          4         22          0          0       2454   chregistry.o
       712          8          0          0         28       5806   chschd.o
       544          6          0          0          0       3911   chsem.o
       196         30          0          0        264       1518   chsys.o
       616         14          0          0          0       4517   chthreads.o
       112          4          0          0         16       2616   chvt.o
        64         26          0          0       3072        436   cstartup.o
       116         10          0          0          0       1366   hal.o
       464         46          0          0          0       1248   hal_lld.o
       500         74         64         56        320       1927   main.o
       160         10          0          0          0        878   nvic.o
       436         34          0          0          0       1986   pal_lld.o
       140          0          0          0          0       1608   pwm.o
       564         22          0          0         20       4910   pwm_lld.o
       276          4         32          0          0       2848   serial.o
       436         30         12          0        120       3662   serial_lld.o
       400          4          0          0          0       3177   spi.o
       768         32          0          4         48       4503   spi_lld.o
       484         22         84          4         56       6509   stm32_dma.o
      2020        492         20         64       1576       7576   test.o
      2292        376        660          0        120       6990   testbmk.o
       972         60        191          0         44       2816   testdyn.o
      1084         46        154          8          0       3352   testevt.o
       632          8         64          0         32       1856   testheap.o
      1456         20         56         40          0       3364   testmbox.o
       148         22         39          0          0       1218   testmsg.o
      2372        150        390         40          0       6077   testmtx.o
       216         14         52         12          0       1350   testpools.o
      1220         44         87         72          0       3788   testqueues.o
      1144         64        190         12          0       3257   testsem.o
       832         50        179          0          0       2161   testthd.o
       128         16          0          4          0       1484   tm.o
         0          0          0          0          0       4797   usb.o
         2          0        244          0          0        404   vectors.o

    ----------------------------------------------------------------------
     27236       1842       2744        324       5812     379107   Object Totals
         0          0         32          0          0          0   (incl. Generated)
         8          0          4          0         12          0   (incl. Padding)

    ----------------------------------------------------------------------

      Code (inc. data)   RO Data    RW Data    ZI Data      Debug   Library Member Name

        90          0          0          0          0          0   __dczerorl2.o
         8          0          0          0          0         68   __main.o
        52          8          0          0          0          0   __scatter.o
        28          0          0          0          0          0   __scatter_zi.o
        12          0          0          0          0         72   exit.o
         6          0          0          0          0        152   heapauxi.o
         0          0          0          0          0          0   indicate_semi.o
         2          0          0          0          0          0   libinit.o
         2          0          0          0          0          0   libinit2.o
         2          0          0          0          0          0   libshutdown.o
         2          0          0          0          0          0   libshutdown2.o
         0          0          0          0          0          0   rtentry.o
        12          0          0          0          0          0   rtentry2.o
         8          4          0          0          0          0   rtentry5.o
         2          0          0          0          0          0   rtexit.o
        10          0          0          0          0          0   rtexit2.o
        12          4          0          0          0         68   sys_exit.o
         2          0          0          0          0         68   use_no_semi.o

    ----------------------------------------------------------------------
       256         16          0          0          0        428   Library Totals
         6          0          0          0          0          0   (incl. Padding)

    ----------------------------------------------------------------------

      Code (inc. data)   RO Data    RW Data    ZI Data      Debug   Library Name

       250         16          0          0          0        428   c_w.l

    ----------------------------------------------------------------------
       256         16          0          0          0        428   Library Totals

    ----------------------------------------------------------------------

==============================================================================


      Code (inc. data)   RO Data    RW Data    ZI Data      Debug   

     27492       1858       2744        324       5812     375271   Grand Totals
     27492       1858       2744        148       5812     375271   ELF Image Totals (compressed)
     27492       1858       2744        148          0          0   ROM Totals

==============================================================================

    Total RO  Size (Code + RO Data)                30236 (  29.53kB)
    Total RW  Size (RW Data + ZI Data)              6136 (   5.99kB)
    Total ROM Size (Code + RO Data + RW Data)      30384 (  29.67kB)

==============================================================================

